Classic Timing Analyzer report for Register
Wed Dec 19 14:02:14 2018
Quartus II Version 9.0 Build 184 04/29/2009 Service Pack 1 SJ Web Edition


---------------------
; Table of Contents ;
---------------------
  1. Legal Notice
  2. Timing Analyzer Summary
  3. Timing Analyzer Settings
  4. Clock Settings Summary
  5. Parallel Compilation
  6. Clock Setup: 'KEY[0]'
  7. tsu
  8. tco
  9. th
 10. Timing Analyzer Messages



----------------
; Legal Notice ;
----------------
Copyright (C) 1991-2009 Altera Corporation
Your use of Altera Corporation's design tools, logic functions 
and other software and tools, and its AMPP partner logic 
functions, and any output files from any of the foregoing 
(including device programming or simulation files), and any 
associated documentation or information are expressly subject 
to the terms and conditions of the Altera Program License 
Subscription Agreement, Altera MegaCore Function License 
Agreement, or other applicable license agreement, including, 
without limitation, that your use is for the sole purpose of 
programming logic devices manufactured by Altera and sold by 
Altera or its authorized distributors.  Please refer to the 
applicable agreement for further details.



+---------------------------------------------------------------------------------------------------------------------------------------------------------------------------------------------------------------+
; Timing Analyzer Summary                                                                                                                                                                                       ;
+------------------------------+-------+---------------+----------------------------------+----------------------+-------------------------------------------------------+------------+----------+--------------+
; Type                         ; Slack ; Required Time ; Actual Time                      ; From                 ; To                                                    ; From Clock ; To Clock ; Failed Paths ;
+------------------------------+-------+---------------+----------------------------------+----------------------+-------------------------------------------------------+------------+----------+--------------+
; Worst-case tsu               ; N/A   ; None          ; 2.539 ns                         ; SW[3]                ; Block1:inst|Block3:REGISTERFILE|Register:inst27|inst3 ; --         ; KEY[0]   ; 0            ;
; Worst-case tco               ; N/A   ; None          ; 12.824 ns                        ; NextState:inst4|FFD2 ; LEDR[2]                                               ; KEY[0]     ; --       ; 0            ;
; Worst-case th                ; N/A   ; None          ; -0.101 ns                        ; SW[2]                ; Block1:inst|Block3:REGISTERFILE|Register:inst25|inst2 ; --         ; KEY[0]   ; 0            ;
; Clock Setup: 'KEY[0]'        ; N/A   ; None          ; 161.42 MHz ( period = 6.195 ns ) ; NextState:inst4|FFD2 ; Block1:inst|Block3:REGISTERFILE|Register:inst27|inst3 ; KEY[0]     ; KEY[0]   ; 0            ;
; Total number of failed paths ;       ;               ;                                  ;                      ;                                                       ;            ;          ; 0            ;
+------------------------------+-------+---------------+----------------------------------+----------------------+-------------------------------------------------------+------------+----------+--------------+


+--------------------------------------------------------------------------------------------------------------------+
; Timing Analyzer Settings                                                                                           ;
+---------------------------------------------------------------------+--------------------+------+----+-------------+
; Option                                                              ; Setting            ; From ; To ; Entity Name ;
+---------------------------------------------------------------------+--------------------+------+----+-------------+
; Device Name                                                         ; EP2C35F672C6       ;      ;    ;             ;
; Timing Models                                                       ; Final              ;      ;    ;             ;
; Default hold multicycle                                             ; Same as Multicycle ;      ;    ;             ;
; Cut paths between unrelated clock domains                           ; On                 ;      ;    ;             ;
; Cut off read during write signal paths                              ; On                 ;      ;    ;             ;
; Cut off feedback from I/O pins                                      ; On                 ;      ;    ;             ;
; Report Combined Fast/Slow Timing                                    ; Off                ;      ;    ;             ;
; Ignore Clock Settings                                               ; Off                ;      ;    ;             ;
; Analyze latches as synchronous elements                             ; On                 ;      ;    ;             ;
; Enable Recovery/Removal analysis                                    ; Off                ;      ;    ;             ;
; Enable Clock Latency                                                ; Off                ;      ;    ;             ;
; Use TimeQuest Timing Analyzer                                       ; Off                ;      ;    ;             ;
; Minimum Core Junction Temperature                                   ; 0                  ;      ;    ;             ;
; Maximum Core Junction Temperature                                   ; 85                 ;      ;    ;             ;
; Number of source nodes to report per destination node               ; 10                 ;      ;    ;             ;
; Number of destination nodes to report                               ; 10                 ;      ;    ;             ;
; Number of paths to report                                           ; 200                ;      ;    ;             ;
; Report Minimum Timing Checks                                        ; Off                ;      ;    ;             ;
; Use Fast Timing Models                                              ; Off                ;      ;    ;             ;
; Report IO Paths Separately                                          ; Off                ;      ;    ;             ;
; Perform Multicorner Analysis                                        ; On                 ;      ;    ;             ;
; Reports the worst-case path for each clock domain and analysis      ; Off                ;      ;    ;             ;
; Removes common clock path pessimism (CCPP) during slack computation ; Off                ;      ;    ;             ;
; Output I/O Timing Endpoint                                          ; Near End           ;      ;    ;             ;
+---------------------------------------------------------------------+--------------------+------+----+-------------+


+------------------------------------------------------------------------------------------------------------------------------------------------------------------------------------+
; Clock Settings Summary                                                                                                                                                             ;
+-----------------+--------------------+----------+------------------+---------------+--------------+----------+-----------------------+---------------------+--------+--------------+
; Clock Node Name ; Clock Setting Name ; Type     ; Fmax Requirement ; Early Latency ; Late Latency ; Based on ; Multiply Base Fmax by ; Divide Base Fmax by ; Offset ; Phase offset ;
+-----------------+--------------------+----------+------------------+---------------+--------------+----------+-----------------------+---------------------+--------+--------------+
; KEY[0]          ;                    ; User Pin ; None             ; 0.000 ns      ; 0.000 ns     ; --       ; N/A                   ; N/A                 ; N/A    ;              ;
+-----------------+--------------------+----------+------------------+---------------+--------------+----------+-----------------------+---------------------+--------+--------------+


Parallel compilation was disabled, but you have multiple processors available. Enable parallel compilation to reduce compilation time.
+-------------------------------------+
; Parallel Compilation                ;
+----------------------------+--------+
; Processors                 ; Number ;
+----------------------------+--------+
; Number detected on machine ; 2      ;
; Maximum allowed            ; 1      ;
+----------------------------+--------+


+---------------------------------------------------------------------------------------------------------------------------------------------------------------------------------------------------------------------------------------------------------------------------------------------------------------------------+
; Clock Setup: 'KEY[0]'                                                                                                                                                                                                                                                                                                     ;
+-----------------------------------------+-----------------------------------------------------+-------------------------------------------------------+-------------------------------------------------------+------------+----------+-----------------------------+---------------------------+-------------------------+
; Slack                                   ; Actual fmax (period)                                ; From                                                  ; To                                                    ; From Clock ; To Clock ; Required Setup Relationship ; Required Longest P2P Time ; Actual Longest P2P Time ;
+-----------------------------------------+-----------------------------------------------------+-------------------------------------------------------+-------------------------------------------------------+------------+----------+-----------------------------+---------------------------+-------------------------+
; N/A                                     ; 161.42 MHz ( period = 6.195 ns )                    ; NextState:inst4|FFD2                                  ; Block1:inst|Block3:REGISTERFILE|Register:inst27|inst3 ; KEY[0]     ; KEY[0]   ; None                        ; None                      ; 5.976 ns                ;
; N/A                                     ; 161.84 MHz ( period = 6.179 ns )                    ; NextState:inst4|FFD2                                  ; Block1:inst|Block3:REGISTERFILE|Register:inst|inst2   ; KEY[0]     ; KEY[0]   ; None                        ; None                      ; 5.941 ns                ;
; N/A                                     ; 162.28 MHz ( period = 6.162 ns )                    ; NextState:inst4|FFD2                                  ; Block1:inst|Block3:REGISTERFILE|Register:inst26|inst2 ; KEY[0]     ; KEY[0]   ; None                        ; None                      ; 5.940 ns                ;
; N/A                                     ; 162.63 MHz ( period = 6.149 ns )                    ; NextState:inst4|FFD2                                  ; Block1:inst|Block3:REGISTERFILE|Register:inst27|inst2 ; KEY[0]     ; KEY[0]   ; None                        ; None                      ; 5.930 ns                ;
; N/A                                     ; 164.15 MHz ( period = 6.092 ns )                    ; NextState:inst4|FFD0                                  ; Block1:inst|Block3:REGISTERFILE|Register:inst27|inst3 ; KEY[0]     ; KEY[0]   ; None                        ; None                      ; 5.879 ns                ;
; N/A                                     ; 164.83 MHz ( period = 6.067 ns )                    ; NextState:inst4|FFD1                                  ; Block1:inst|Block3:REGISTERFILE|Register:inst|inst2   ; KEY[0]     ; KEY[0]   ; None                        ; None                      ; 5.881 ns                ;
; N/A                                     ; 165.29 MHz ( period = 6.050 ns )                    ; NextState:inst4|FFD1                                  ; Block1:inst|Block3:REGISTERFILE|Register:inst26|inst2 ; KEY[0]     ; KEY[0]   ; None                        ; None                      ; 5.880 ns                ;
; N/A                                     ; 165.65 MHz ( period = 6.037 ns )                    ; NextState:inst4|FFD1                                  ; Block1:inst|Block3:REGISTERFILE|Register:inst27|inst2 ; KEY[0]     ; KEY[0]   ; None                        ; None                      ; 5.870 ns                ;
; N/A                                     ; 166.09 MHz ( period = 6.021 ns )                    ; NextState:inst4|FFD2                                  ; NextState:inst4|FFD1                                  ; KEY[0]     ; KEY[0]   ; None                        ; None                      ; 5.755 ns                ;
; N/A                                     ; 166.50 MHz ( period = 6.006 ns )                    ; NextState:inst4|FFD1                                  ; Block1:inst|Block3:REGISTERFILE|Register:inst27|inst3 ; KEY[0]     ; KEY[0]   ; None                        ; None                      ; 5.839 ns                ;
; N/A                                     ; 166.58 MHz ( period = 6.003 ns )                    ; NextState:inst4|FFD2                                  ; Block1:inst|Block3:REGISTERFILE|Register:inst|inst3   ; KEY[0]     ; KEY[0]   ; None                        ; None                      ; 5.765 ns                ;
; N/A                                     ; 167.03 MHz ( period = 5.987 ns )                    ; NextState:inst4|FFD2                                  ; Block1:inst|Block3:REGISTERFILE|Register:inst26|inst3 ; KEY[0]     ; KEY[0]   ; None                        ; None                      ; 5.765 ns                ;
; N/A                                     ; 168.98 MHz ( period = 5.918 ns )                    ; NextState:inst4|FFD0                                  ; NextState:inst4|FFD1                                  ; KEY[0]     ; KEY[0]   ; None                        ; None                      ; 5.658 ns                ;
; N/A                                     ; 169.49 MHz ( period = 5.900 ns )                    ; NextState:inst4|FFD0                                  ; Block1:inst|Block3:REGISTERFILE|Register:inst|inst3   ; KEY[0]     ; KEY[0]   ; None                        ; None                      ; 5.668 ns                ;
; N/A                                     ; 169.84 MHz ( period = 5.888 ns )                    ; NextState:inst4|FFD2                                  ; Block1:inst|Block3:REGISTERFILE|Register:inst|inst1   ; KEY[0]     ; KEY[0]   ; None                        ; None                      ; 5.650 ns                ;
; N/A                                     ; 169.95 MHz ( period = 5.884 ns )                    ; NextState:inst4|FFD0                                  ; Block1:inst|Block3:REGISTERFILE|Register:inst26|inst3 ; KEY[0]     ; KEY[0]   ; None                        ; None                      ; 5.668 ns                ;
; N/A                                     ; 170.27 MHz ( period = 5.873 ns )                    ; NextState:inst4|FFD2                                  ; Block1:inst|Block3:REGISTERFILE|Register:inst26|inst1 ; KEY[0]     ; KEY[0]   ; None                        ; None                      ; 5.651 ns                ;
; N/A                                     ; 171.00 MHz ( period = 5.848 ns )                    ; Block1:inst|Block3:REGISTERFILE|Register:inst25|inst1 ; Block1:inst|Block3:REGISTERFILE|Register:inst27|inst3 ; KEY[0]     ; KEY[0]   ; None                        ; None                      ; 5.628 ns                ;
; N/A                                     ; 171.47 MHz ( period = 5.832 ns )                    ; NextState:inst4|FFD1                                  ; NextState:inst4|FFD1                                  ; KEY[0]     ; KEY[0]   ; None                        ; None                      ; 5.618 ns                ;
; N/A                                     ; 171.64 MHz ( period = 5.826 ns )                    ; NextState:inst4|FFD0                                  ; Block1:inst|Block3:REGISTERFILE|Register:inst|inst2   ; KEY[0]     ; KEY[0]   ; None                        ; None                      ; 5.594 ns                ;
; N/A                                     ; 172.00 MHz ( period = 5.814 ns )                    ; NextState:inst4|FFD1                                  ; Block1:inst|Block3:REGISTERFILE|Register:inst|inst3   ; KEY[0]     ; KEY[0]   ; None                        ; None                      ; 5.628 ns                ;
; N/A                                     ; 172.15 MHz ( period = 5.809 ns )                    ; NextState:inst4|FFD0                                  ; Block1:inst|Block3:REGISTERFILE|Register:inst26|inst2 ; KEY[0]     ; KEY[0]   ; None                        ; None                      ; 5.593 ns                ;
; N/A                                     ; 172.47 MHz ( period = 5.798 ns )                    ; NextState:inst4|FFD1                                  ; Block1:inst|Block3:REGISTERFILE|Register:inst26|inst3 ; KEY[0]     ; KEY[0]   ; None                        ; None                      ; 5.628 ns                ;
; N/A                                     ; 172.53 MHz ( period = 5.796 ns )                    ; NextState:inst4|FFD0                                  ; Block1:inst|Block3:REGISTERFILE|Register:inst27|inst2 ; KEY[0]     ; KEY[0]   ; None                        ; None                      ; 5.583 ns                ;
; N/A                                     ; 176.24 MHz ( period = 5.674 ns )                    ; Block1:inst|Block3:REGISTERFILE|Register:inst25|inst1 ; NextState:inst4|FFD1                                  ; KEY[0]     ; KEY[0]   ; None                        ; None                      ; 5.407 ns                ;
; N/A                                     ; 176.80 MHz ( period = 5.656 ns )                    ; Block1:inst|Block3:REGISTERFILE|Register:inst25|inst1 ; Block1:inst|Block3:REGISTERFILE|Register:inst|inst3   ; KEY[0]     ; KEY[0]   ; None                        ; None                      ; 5.417 ns                ;
; N/A                                     ; 177.12 MHz ( period = 5.646 ns )                    ; NextState:inst4|FFD2                                  ; Block1:inst|Block3:REGISTERFILE|Register:inst27|inst1 ; KEY[0]     ; KEY[0]   ; None                        ; None                      ; 5.427 ns                ;
; N/A                                     ; 177.15 MHz ( period = 5.645 ns )                    ; Block1:inst|Block3:REGISTERFILE|Register:inst25|inst1 ; Block1:inst|Block3:REGISTERFILE|Register:inst|inst2   ; KEY[0]     ; KEY[0]   ; None                        ; None                      ; 5.406 ns                ;
; N/A                                     ; 177.30 MHz ( period = 5.640 ns )                    ; Block1:inst|Block3:REGISTERFILE|Register:inst25|inst1 ; Block1:inst|Block3:REGISTERFILE|Register:inst26|inst3 ; KEY[0]     ; KEY[0]   ; None                        ; None                      ; 5.417 ns                ;
; N/A                                     ; 177.40 MHz ( period = 5.637 ns )                    ; NextState:inst4|FFD2                                  ; Block1:inst|Block3:REGISTERFILE|Register:inst25|inst1 ; KEY[0]     ; KEY[0]   ; None                        ; None                      ; 5.424 ns                ;
; N/A                                     ; 177.68 MHz ( period = 5.628 ns )                    ; Block1:inst|Block3:REGISTERFILE|Register:inst25|inst1 ; Block1:inst|Block3:REGISTERFILE|Register:inst26|inst2 ; KEY[0]     ; KEY[0]   ; None                        ; None                      ; 5.405 ns                ;
; N/A                                     ; 178.09 MHz ( period = 5.615 ns )                    ; Block1:inst|Block3:REGISTERFILE|Register:inst25|inst1 ; Block1:inst|Block3:REGISTERFILE|Register:inst27|inst2 ; KEY[0]     ; KEY[0]   ; None                        ; None                      ; 5.395 ns                ;
; N/A                                     ; 179.24 MHz ( period = 5.579 ns )                    ; Block1:inst|Block3:REGISTERFILE|Register:inst|inst1   ; Block1:inst|Block3:REGISTERFILE|Register:inst27|inst3 ; KEY[0]     ; KEY[0]   ; None                        ; None                      ; 5.384 ns                ;
; N/A                                     ; 179.34 MHz ( period = 5.576 ns )                    ; NextState:inst4|FFD0                                  ; Block1:inst|Block3:REGISTERFILE|Register:inst|inst1   ; KEY[0]     ; KEY[0]   ; None                        ; None                      ; 5.344 ns                ;
; N/A                                     ; 179.82 MHz ( period = 5.561 ns )                    ; NextState:inst4|FFD0                                  ; Block1:inst|Block3:REGISTERFILE|Register:inst26|inst1 ; KEY[0]     ; KEY[0]   ; None                        ; None                      ; 5.345 ns                ;
; N/A                                     ; 180.38 MHz ( period = 5.544 ns )                    ; Block1:inst|Block3:REGISTERFILE|Register:inst26|inst2 ; Block1:inst|Block3:REGISTERFILE|Register:inst27|inst3 ; KEY[0]     ; KEY[0]   ; None                        ; None                      ; 5.333 ns                ;
; N/A                                     ; 182.45 MHz ( period = 5.481 ns )                    ; Block1:inst|Block3:REGISTERFILE|Register:inst26|inst1 ; Block1:inst|Block3:REGISTERFILE|Register:inst27|inst3 ; KEY[0]     ; KEY[0]   ; None                        ; None                      ; 5.270 ns                ;
; N/A                                     ; 183.69 MHz ( period = 5.444 ns )                    ; NextState:inst4|FFD1                                  ; Block1:inst|Block3:REGISTERFILE|Register:inst|inst1   ; KEY[0]     ; KEY[0]   ; None                        ; None                      ; 5.258 ns                ;
; N/A                                     ; 183.99 MHz ( period = 5.435 ns )                    ; Block1:inst|Block3:REGISTERFILE|Register:inst27|inst  ; Block1:inst|Block3:REGISTERFILE|Register:inst|inst1   ; KEY[0]     ; KEY[0]   ; None                        ; None                      ; 5.202 ns                ;
; N/A                                     ; 184.20 MHz ( period = 5.429 ns )                    ; NextState:inst4|FFD1                                  ; Block1:inst|Block3:REGISTERFILE|Register:inst26|inst1 ; KEY[0]     ; KEY[0]   ; None                        ; None                      ; 5.259 ns                ;
; N/A                                     ; 184.33 MHz ( period = 5.425 ns )                    ; Block1:inst|Block3:REGISTERFILE|Register:inst27|inst  ; Block1:inst|Block3:REGISTERFILE|Register:inst27|inst3 ; KEY[0]     ; KEY[0]   ; None                        ; None                      ; 5.211 ns                ;
; N/A                                     ; 184.43 MHz ( period = 5.422 ns )                    ; Block1:inst|Block3:REGISTERFILE|Register:inst25|inst  ; Block1:inst|Block3:REGISTERFILE|Register:inst27|inst3 ; KEY[0]     ; KEY[0]   ; None                        ; None                      ; 5.202 ns                ;
; N/A                                     ; 184.50 MHz ( period = 5.420 ns )                    ; Block1:inst|Block3:REGISTERFILE|Register:inst27|inst  ; Block1:inst|Block3:REGISTERFILE|Register:inst26|inst1 ; KEY[0]     ; KEY[0]   ; None                        ; None                      ; 5.203 ns                ;
; N/A                                     ; 184.88 MHz ( period = 5.409 ns )                    ; Block1:inst|Block3:REGISTERFILE|Register:inst25|inst3 ; Block1:inst|Block3:REGISTERFILE|Register:inst27|inst3 ; KEY[0]     ; KEY[0]   ; None                        ; None                      ; 5.241 ns                ;
; N/A                                     ; 185.01 MHz ( period = 5.405 ns )                    ; Block1:inst|Block3:REGISTERFILE|Register:inst|inst1   ; NextState:inst4|FFD1                                  ; KEY[0]     ; KEY[0]   ; None                        ; None                      ; 5.163 ns                ;
; N/A                                     ; 185.63 MHz ( period = 5.387 ns )                    ; Block1:inst|Block3:REGISTERFILE|Register:inst|inst1   ; Block1:inst|Block3:REGISTERFILE|Register:inst|inst3   ; KEY[0]     ; KEY[0]   ; None                        ; None                      ; 5.173 ns                ;
; N/A                                     ; 185.74 MHz ( period = 5.384 ns )                    ; Block1:inst|Block3:REGISTERFILE|Register:inst|inst    ; Block1:inst|Block3:REGISTERFILE|Register:inst27|inst3 ; KEY[0]     ; KEY[0]   ; None                        ; None                      ; 5.189 ns                ;
; N/A                                     ; 186.01 MHz ( period = 5.376 ns )                    ; Block1:inst|Block3:REGISTERFILE|Register:inst|inst1   ; Block1:inst|Block3:REGISTERFILE|Register:inst|inst2   ; KEY[0]     ; KEY[0]   ; None                        ; None                      ; 5.162 ns                ;
; N/A                                     ; 186.19 MHz ( period = 5.371 ns )                    ; Block1:inst|Block3:REGISTERFILE|Register:inst|inst1   ; Block1:inst|Block3:REGISTERFILE|Register:inst26|inst3 ; KEY[0]     ; KEY[0]   ; None                        ; None                      ; 5.173 ns                ;
; N/A                                     ; 186.22 MHz ( period = 5.370 ns )                    ; Block1:inst|Block3:REGISTERFILE|Register:inst26|inst2 ; NextState:inst4|FFD1                                  ; KEY[0]     ; KEY[0]   ; None                        ; None                      ; 5.112 ns                ;
; N/A                                     ; 186.60 MHz ( period = 5.359 ns )                    ; Block1:inst|Block3:REGISTERFILE|Register:inst|inst1   ; Block1:inst|Block3:REGISTERFILE|Register:inst26|inst2 ; KEY[0]     ; KEY[0]   ; None                        ; None                      ; 5.161 ns                ;
; N/A                                     ; 186.60 MHz ( period = 5.359 ns )                    ; Block1:inst|Block3:REGISTERFILE|Register:inst25|inst2 ; Block1:inst|Block3:REGISTERFILE|Register:inst|inst2   ; KEY[0]     ; KEY[0]   ; None                        ; None                      ; 5.172 ns                ;
; N/A                                     ; 186.85 MHz ( period = 5.352 ns )                    ; Block1:inst|Block3:REGISTERFILE|Register:inst26|inst2 ; Block1:inst|Block3:REGISTERFILE|Register:inst|inst3   ; KEY[0]     ; KEY[0]   ; None                        ; None                      ; 5.122 ns                ;
; N/A                                     ; 187.06 MHz ( period = 5.346 ns )                    ; Block1:inst|Block3:REGISTERFILE|Register:inst|inst1   ; Block1:inst|Block3:REGISTERFILE|Register:inst27|inst2 ; KEY[0]     ; KEY[0]   ; None                        ; None                      ; 5.151 ns                ;
; N/A                                     ; 187.20 MHz ( period = 5.342 ns )                    ; Block1:inst|Block3:REGISTERFILE|Register:inst25|inst2 ; Block1:inst|Block3:REGISTERFILE|Register:inst26|inst2 ; KEY[0]     ; KEY[0]   ; None                        ; None                      ; 5.171 ns                ;
; N/A                                     ; 187.41 MHz ( period = 5.336 ns )                    ; Block1:inst|Block3:REGISTERFILE|Register:inst26|inst2 ; Block1:inst|Block3:REGISTERFILE|Register:inst26|inst3 ; KEY[0]     ; KEY[0]   ; None                        ; None                      ; 5.122 ns                ;
; N/A                                     ; 187.48 MHz ( period = 5.334 ns )                    ; NextState:inst4|FFD0                                  ; Block1:inst|Block3:REGISTERFILE|Register:inst27|inst1 ; KEY[0]     ; KEY[0]   ; None                        ; None                      ; 5.121 ns                ;
; N/A                                     ; 187.51 MHz ( period = 5.333 ns )                    ; Block1:inst|Block3:REGISTERFILE|Register:inst26|inst3 ; Block1:inst|Block3:REGISTERFILE|Register:inst27|inst3 ; KEY[0]     ; KEY[0]   ; None                        ; None                      ; 5.122 ns                ;
; N/A                                     ; 187.65 MHz ( period = 5.329 ns )                    ; Block1:inst|Block3:REGISTERFILE|Register:inst25|inst2 ; Block1:inst|Block3:REGISTERFILE|Register:inst27|inst2 ; KEY[0]     ; KEY[0]   ; None                        ; None                      ; 5.161 ns                ;
; N/A                                     ; 187.79 MHz ( period = 5.325 ns )                    ; Block1:inst|Block3:REGISTERFILE|Register:inst26|inst2 ; Block1:inst|Block3:REGISTERFILE|Register:inst|inst2   ; KEY[0]     ; KEY[0]   ; None                        ; None                      ; 5.095 ns                ;
; N/A                                     ; 187.79 MHz ( period = 5.325 ns )                    ; NextState:inst4|FFD0                                  ; Block1:inst|Block3:REGISTERFILE|Register:inst25|inst1 ; KEY[0]     ; KEY[0]   ; None                        ; None                      ; 5.118 ns                ;
; N/A                                     ; 187.90 MHz ( period = 5.322 ns )                    ; Block1:inst|Block3:REGISTERFILE|Register:inst27|inst  ; NextState:inst4|FFD1                                  ; KEY[0]     ; KEY[0]   ; None                        ; None                      ; 5.061 ns                ;
; N/A                                     ; 188.39 MHz ( period = 5.308 ns )                    ; Block1:inst|Block3:REGISTERFILE|Register:inst26|inst2 ; Block1:inst|Block3:REGISTERFILE|Register:inst26|inst2 ; KEY[0]     ; KEY[0]   ; None                        ; None                      ; 5.094 ns                ;
; N/A                                     ; 188.43 MHz ( period = 5.307 ns )                    ; Block1:inst|Block3:REGISTERFILE|Register:inst26|inst1 ; NextState:inst4|FFD1                                  ; KEY[0]     ; KEY[0]   ; None                        ; None                      ; 5.049 ns                ;
; N/A                                     ; 188.86 MHz ( period = 5.295 ns )                    ; Block1:inst|Block3:REGISTERFILE|Register:inst26|inst2 ; Block1:inst|Block3:REGISTERFILE|Register:inst27|inst2 ; KEY[0]     ; KEY[0]   ; None                        ; None                      ; 5.084 ns                ;
; N/A                                     ; 188.96 MHz ( period = 5.292 ns )                    ; NextState:inst4|FFD2                                  ; Block1:inst|Block3:REGISTERFILE|Register:inst25|inst3 ; KEY[0]     ; KEY[0]   ; None                        ; None                      ; 5.027 ns                ;
; N/A                                     ; 189.07 MHz ( period = 5.289 ns )                    ; Block1:inst|Block3:REGISTERFILE|Register:inst26|inst1 ; Block1:inst|Block3:REGISTERFILE|Register:inst|inst3   ; KEY[0]     ; KEY[0]   ; None                        ; None                      ; 5.059 ns                ;
; N/A                                     ; 189.65 MHz ( period = 5.273 ns )                    ; Block1:inst|Block3:REGISTERFILE|Register:inst26|inst1 ; Block1:inst|Block3:REGISTERFILE|Register:inst26|inst3 ; KEY[0]     ; KEY[0]   ; None                        ; None                      ; 5.059 ns                ;
; N/A                                     ; 190.55 MHz ( period = 5.248 ns )                    ; Block1:inst|Block3:REGISTERFILE|Register:inst25|inst  ; NextState:inst4|FFD1                                  ; KEY[0]     ; KEY[0]   ; None                        ; None                      ; 4.981 ns                ;
; N/A                                     ; 190.66 MHz ( period = 5.245 ns )                    ; Block1:inst|Block3:REGISTERFILE|Register:inst25|inst2 ; Block1:inst|Block3:REGISTERFILE|Register:inst27|inst3 ; KEY[0]     ; KEY[0]   ; None                        ; None                      ; 5.077 ns                ;
; N/A                                     ; 190.84 MHz ( period = 5.240 ns )                    ; NextState:inst4|FFD2                                  ; Block1:inst|Block3:REGISTERFILE|Register:inst25|inst2 ; KEY[0]     ; KEY[0]   ; None                        ; None                      ; 4.975 ns                ;
; N/A                                     ; 191.02 MHz ( period = 5.235 ns )                    ; Block1:inst|Block3:REGISTERFILE|Register:inst25|inst3 ; NextState:inst4|FFD1                                  ; KEY[0]     ; KEY[0]   ; None                        ; None                      ; 5.020 ns                ;
; N/A                                     ; 191.09 MHz ( period = 5.233 ns )                    ; Block1:inst|Block3:REGISTERFILE|Register:inst27|inst  ; Block1:inst|Block3:REGISTERFILE|Register:inst|inst3   ; KEY[0]     ; KEY[0]   ; None                        ; None                      ; 5.000 ns                ;
; N/A                                     ; 191.20 MHz ( period = 5.230 ns )                    ; Block1:inst|Block3:REGISTERFILE|Register:inst25|inst  ; Block1:inst|Block3:REGISTERFILE|Register:inst|inst3   ; KEY[0]     ; KEY[0]   ; None                        ; None                      ; 4.991 ns                ;
; N/A                                     ; 191.68 MHz ( period = 5.217 ns )                    ; Block1:inst|Block3:REGISTERFILE|Register:inst27|inst  ; Block1:inst|Block3:REGISTERFILE|Register:inst26|inst3 ; KEY[0]     ; KEY[0]   ; None                        ; None                      ; 5.000 ns                ;
; N/A                                     ; 191.68 MHz ( period = 5.217 ns )                    ; Block1:inst|Block3:REGISTERFILE|Register:inst25|inst3 ; Block1:inst|Block3:REGISTERFILE|Register:inst|inst3   ; KEY[0]     ; KEY[0]   ; None                        ; None                      ; 5.030 ns                ;
; N/A                                     ; 191.72 MHz ( period = 5.216 ns )                    ; Block1:inst|Block3:REGISTERFILE|Register:inst25|inst  ; Block1:inst|Block3:REGISTERFILE|Register:inst|inst2   ; KEY[0]     ; KEY[0]   ; None                        ; None                      ; 4.977 ns                ;
; N/A                                     ; 191.75 MHz ( period = 5.215 ns )                    ; Block1:inst|Block3:REGISTERFILE|Register:inst26|inst1 ; Block1:inst|Block3:REGISTERFILE|Register:inst|inst2   ; KEY[0]     ; KEY[0]   ; None                        ; None                      ; 4.985 ns                ;
; N/A                                     ; 191.79 MHz ( period = 5.214 ns )                    ; Block1:inst|Block3:REGISTERFILE|Register:inst25|inst  ; Block1:inst|Block3:REGISTERFILE|Register:inst26|inst3 ; KEY[0]     ; KEY[0]   ; None                        ; None                      ; 4.991 ns                ;
; N/A                                     ; 191.94 MHz ( period = 5.210 ns )                    ; Block1:inst|Block3:REGISTERFILE|Register:inst|inst    ; NextState:inst4|FFD1                                  ; KEY[0]     ; KEY[0]   ; None                        ; None                      ; 4.968 ns                ;
; N/A                                     ; 192.12 MHz ( period = 5.205 ns )                    ; Block1:inst|Block3:REGISTERFILE|Register:inst25|inst  ; Block1:inst|Block3:REGISTERFILE|Register:inst|inst1   ; KEY[0]     ; KEY[0]   ; None                        ; None                      ; 4.966 ns                ;
; N/A                                     ; 192.23 MHz ( period = 5.202 ns )                    ; NextState:inst4|FFD1                                  ; Block1:inst|Block3:REGISTERFILE|Register:inst27|inst1 ; KEY[0]     ; KEY[0]   ; None                        ; None                      ; 5.035 ns                ;
; N/A                                     ; 192.27 MHz ( period = 5.201 ns )                    ; Block1:inst|Block3:REGISTERFILE|Register:inst25|inst3 ; Block1:inst|Block3:REGISTERFILE|Register:inst26|inst3 ; KEY[0]     ; KEY[0]   ; None                        ; None                      ; 5.030 ns                ;
; N/A                                     ; 192.34 MHz ( period = 5.199 ns )                    ; Block1:inst|Block3:REGISTERFILE|Register:inst25|inst  ; Block1:inst|Block3:REGISTERFILE|Register:inst26|inst2 ; KEY[0]     ; KEY[0]   ; None                        ; None                      ; 4.976 ns                ;
; N/A                                     ; 192.38 MHz ( period = 5.198 ns )                    ; Block1:inst|Block3:REGISTERFILE|Register:inst26|inst1 ; Block1:inst|Block3:REGISTERFILE|Register:inst26|inst2 ; KEY[0]     ; KEY[0]   ; None                        ; None                      ; 4.984 ns                ;
; N/A                                     ; 192.57 MHz ( period = 5.193 ns )                    ; NextState:inst4|FFD1                                  ; Block1:inst|Block3:REGISTERFILE|Register:inst25|inst1 ; KEY[0]     ; KEY[0]   ; None                        ; None                      ; 5.032 ns                ;
; N/A                                     ; 192.57 MHz ( period = 5.193 ns )                    ; Block1:inst|Block3:REGISTERFILE|Register:inst27|inst  ; Block1:inst|Block3:REGISTERFILE|Register:inst27|inst1 ; KEY[0]     ; KEY[0]   ; None                        ; None                      ; 4.979 ns                ;
; N/A                                     ; 192.60 MHz ( period = 5.192 ns )                    ; Block1:inst|Block3:REGISTERFILE|Register:inst|inst    ; Block1:inst|Block3:REGISTERFILE|Register:inst|inst3   ; KEY[0]     ; KEY[0]   ; None                        ; None                      ; 4.978 ns                ;
; N/A                                     ; 192.68 MHz ( period = 5.190 ns )                    ; Block1:inst|Block3:REGISTERFILE|Register:inst25|inst  ; Block1:inst|Block3:REGISTERFILE|Register:inst26|inst1 ; KEY[0]     ; KEY[0]   ; None                        ; None                      ; 4.967 ns                ;
; N/A                                     ; 192.72 MHz ( period = 5.189 ns )                    ; NextState:inst4|FFD0                                  ; Block1:inst|Block3:REGISTERFILE|Register:inst25|inst3 ; KEY[0]     ; KEY[0]   ; None                        ; None                      ; 4.930 ns                ;
; N/A                                     ; 192.83 MHz ( period = 5.186 ns )                    ; Block1:inst|Block3:REGISTERFILE|Register:inst25|inst  ; Block1:inst|Block3:REGISTERFILE|Register:inst27|inst2 ; KEY[0]     ; KEY[0]   ; None                        ; None                      ; 4.966 ns                ;
; N/A                                     ; 192.83 MHz ( period = 5.186 ns )                    ; Block1:inst|Block3:REGISTERFILE|Register:inst26|inst  ; Block1:inst|Block3:REGISTERFILE|Register:inst27|inst3 ; KEY[0]     ; KEY[0]   ; None                        ; None                      ; 4.975 ns                ;
; N/A                                     ; 192.86 MHz ( period = 5.185 ns )                    ; Block1:inst|Block3:REGISTERFILE|Register:inst26|inst1 ; Block1:inst|Block3:REGISTERFILE|Register:inst27|inst2 ; KEY[0]     ; KEY[0]   ; None                        ; None                      ; 4.974 ns                ;
; N/A                                     ; 192.90 MHz ( period = 5.184 ns )                    ; Block1:inst|Block3:REGISTERFILE|Register:inst27|inst  ; Block1:inst|Block3:REGISTERFILE|Register:inst25|inst1 ; KEY[0]     ; KEY[0]   ; None                        ; None                      ; 4.976 ns                ;
; N/A                                     ; 193.12 MHz ( period = 5.178 ns )                    ; Block1:inst|Block3:REGISTERFILE|Register:inst|inst    ; Block1:inst|Block3:REGISTERFILE|Register:inst|inst2   ; KEY[0]     ; KEY[0]   ; None                        ; None                      ; 4.964 ns                ;
; N/A                                     ; 193.20 MHz ( period = 5.176 ns )                    ; Block1:inst|Block3:REGISTERFILE|Register:inst|inst    ; Block1:inst|Block3:REGISTERFILE|Register:inst26|inst3 ; KEY[0]     ; KEY[0]   ; None                        ; None                      ; 4.978 ns                ;
; N/A                                     ; 193.76 MHz ( period = 5.161 ns )                    ; Block1:inst|Block3:REGISTERFILE|Register:inst|inst    ; Block1:inst|Block3:REGISTERFILE|Register:inst26|inst2 ; KEY[0]     ; KEY[0]   ; None                        ; None                      ; 4.963 ns                ;
; N/A                                     ; 193.84 MHz ( period = 5.159 ns )                    ; Block1:inst|Block3:REGISTERFILE|Register:inst26|inst3 ; NextState:inst4|FFD1                                  ; KEY[0]     ; KEY[0]   ; None                        ; None                      ; 4.901 ns                ;
; N/A                                     ; 193.84 MHz ( period = 5.159 ns )                    ; Block1:inst|Block3:REGISTERFILE|Register:inst27|inst  ; Block1:inst|Block3:REGISTERFILE|Register:inst|inst2   ; KEY[0]     ; KEY[0]   ; None                        ; None                      ; 4.926 ns                ;
; N/A                                     ; 194.25 MHz ( period = 5.148 ns )                    ; Block1:inst|Block3:REGISTERFILE|Register:inst|inst    ; Block1:inst|Block3:REGISTERFILE|Register:inst27|inst2 ; KEY[0]     ; KEY[0]   ; None                        ; None                      ; 4.953 ns                ;
; N/A                                     ; 194.48 MHz ( period = 5.142 ns )                    ; Block1:inst|Block3:REGISTERFILE|Register:inst27|inst  ; Block1:inst|Block3:REGISTERFILE|Register:inst26|inst2 ; KEY[0]     ; KEY[0]   ; None                        ; None                      ; 4.925 ns                ;
; N/A                                     ; 194.51 MHz ( period = 5.141 ns )                    ; Block1:inst|Block3:REGISTERFILE|Register:inst26|inst3 ; Block1:inst|Block3:REGISTERFILE|Register:inst|inst3   ; KEY[0]     ; KEY[0]   ; None                        ; None                      ; 4.911 ns                ;
; N/A                                     ; 194.97 MHz ( period = 5.129 ns )                    ; Block1:inst|Block3:REGISTERFILE|Register:inst27|inst  ; Block1:inst|Block3:REGISTERFILE|Register:inst27|inst2 ; KEY[0]     ; KEY[0]   ; None                        ; None                      ; 4.915 ns                ;
; N/A                                     ; 195.01 MHz ( period = 5.128 ns )                    ; NextState:inst4|FFD1                                  ; Block1:inst|Block3:REGISTERFILE|Register:inst25|inst2 ; KEY[0]     ; KEY[0]   ; None                        ; None                      ; 4.915 ns                ;
; N/A                                     ; 195.12 MHz ( period = 5.125 ns )                    ; Block1:inst|Block3:REGISTERFILE|Register:inst26|inst3 ; Block1:inst|Block3:REGISTERFILE|Register:inst26|inst3 ; KEY[0]     ; KEY[0]   ; None                        ; None                      ; 4.911 ns                ;
; N/A                                     ; 195.96 MHz ( period = 5.103 ns )                    ; NextState:inst4|FFD1                                  ; Block1:inst|Block3:REGISTERFILE|Register:inst25|inst3 ; KEY[0]     ; KEY[0]   ; None                        ; None                      ; 4.890 ns                ;
; N/A                                     ; 196.97 MHz ( period = 5.077 ns )                    ; Block1:inst|Block3:REGISTERFILE|Register:inst25|inst2 ; NextState:inst4|FFD1                                  ; KEY[0]     ; KEY[0]   ; None                        ; None                      ; 4.862 ns                ;
; N/A                                     ; 197.90 MHz ( period = 5.053 ns )                    ; Block1:inst|Block3:REGISTERFILE|Register:inst25|inst2 ; Block1:inst|Block3:REGISTERFILE|Register:inst|inst3   ; KEY[0]     ; KEY[0]   ; None                        ; None                      ; 4.866 ns                ;
; N/A                                     ; 197.98 MHz ( period = 5.051 ns )                    ; Block1:inst|Block3:REGISTERFILE|Register:inst|inst    ; Block1:inst|Block3:REGISTERFILE|Register:inst|inst1   ; KEY[0]     ; KEY[0]   ; None                        ; None                      ; 4.837 ns                ;
; N/A                                     ; 198.53 MHz ( period = 5.037 ns )                    ; Block1:inst|Block3:REGISTERFILE|Register:inst25|inst2 ; Block1:inst|Block3:REGISTERFILE|Register:inst26|inst3 ; KEY[0]     ; KEY[0]   ; None                        ; None                      ; 4.866 ns                ;
; N/A                                     ; 198.57 MHz ( period = 5.036 ns )                    ; Block1:inst|Block3:REGISTERFILE|Register:inst|inst    ; Block1:inst|Block3:REGISTERFILE|Register:inst26|inst1 ; KEY[0]     ; KEY[0]   ; None                        ; None                      ; 4.838 ns                ;
; N/A                                     ; 199.32 MHz ( period = 5.017 ns )                    ; Block1:inst|Block3:REGISTERFILE|Register:inst25|inst1 ; Block1:inst|Block3:REGISTERFILE|Register:inst|inst1   ; KEY[0]     ; KEY[0]   ; None                        ; None                      ; 4.778 ns                ;
; N/A                                     ; 199.52 MHz ( period = 5.012 ns )                    ; Block1:inst|Block3:REGISTERFILE|Register:inst26|inst  ; NextState:inst4|FFD1                                  ; KEY[0]     ; KEY[0]   ; None                        ; None                      ; 4.754 ns                ;
; N/A                                     ; 199.92 MHz ( period = 5.002 ns )                    ; Block1:inst|Block3:REGISTERFILE|Register:inst25|inst1 ; Block1:inst|Block3:REGISTERFILE|Register:inst26|inst1 ; KEY[0]     ; KEY[0]   ; None                        ; None                      ; 4.779 ns                ;
; N/A                                     ; 200.24 MHz ( period = 4.994 ns )                    ; Block1:inst|Block3:REGISTERFILE|Register:inst26|inst  ; Block1:inst|Block3:REGISTERFILE|Register:inst|inst3   ; KEY[0]     ; KEY[0]   ; None                        ; None                      ; 4.764 ns                ;
; N/A                                     ; 200.80 MHz ( period = 4.980 ns )                    ; Block1:inst|Block3:REGISTERFILE|Register:inst26|inst  ; Block1:inst|Block3:REGISTERFILE|Register:inst|inst2   ; KEY[0]     ; KEY[0]   ; None                        ; None                      ; 4.750 ns                ;
; N/A                                     ; 200.88 MHz ( period = 4.978 ns )                    ; Block1:inst|Block3:REGISTERFILE|Register:inst26|inst  ; Block1:inst|Block3:REGISTERFILE|Register:inst26|inst3 ; KEY[0]     ; KEY[0]   ; None                        ; None                      ; 4.764 ns                ;
; N/A                                     ; 201.49 MHz ( period = 4.963 ns )                    ; Block1:inst|Block3:REGISTERFILE|Register:inst26|inst  ; Block1:inst|Block3:REGISTERFILE|Register:inst26|inst2 ; KEY[0]     ; KEY[0]   ; None                        ; None                      ; 4.749 ns                ;
; N/A                                     ; 201.49 MHz ( period = 4.963 ns )                    ; Block1:inst|Block3:REGISTERFILE|Register:inst25|inst  ; Block1:inst|Block3:REGISTERFILE|Register:inst27|inst1 ; KEY[0]     ; KEY[0]   ; None                        ; None                      ; 4.743 ns                ;
; N/A                                     ; 201.86 MHz ( period = 4.954 ns )                    ; Block1:inst|Block3:REGISTERFILE|Register:inst25|inst  ; Block1:inst|Block3:REGISTERFILE|Register:inst25|inst1 ; KEY[0]     ; KEY[0]   ; None                        ; None                      ; 4.740 ns                ;
; N/A                                     ; 202.02 MHz ( period = 4.950 ns )                    ; Block1:inst|Block3:REGISTERFILE|Register:inst26|inst  ; Block1:inst|Block3:REGISTERFILE|Register:inst27|inst2 ; KEY[0]     ; KEY[0]   ; None                        ; None                      ; 4.739 ns                ;
; N/A                                     ; 202.22 MHz ( period = 4.945 ns )                    ; Block1:inst|Block3:REGISTERFILE|Register:inst25|inst1 ; Block1:inst|Block3:REGISTERFILE|Register:inst25|inst3 ; KEY[0]     ; KEY[0]   ; None                        ; None                      ; 4.679 ns                ;
; N/A                                     ; 203.21 MHz ( period = 4.921 ns )                    ; Block1:inst|Block3:REGISTERFILE|Register:inst27|inst1 ; Block1:inst|Block3:REGISTERFILE|Register:inst27|inst3 ; KEY[0]     ; KEY[0]   ; None                        ; None                      ; 4.707 ns                ;
; N/A                                     ; 204.62 MHz ( period = 4.887 ns )                    ; NextState:inst4|FFD0                                  ; Block1:inst|Block3:REGISTERFILE|Register:inst25|inst2 ; KEY[0]     ; KEY[0]   ; None                        ; None                      ; 4.628 ns                ;
; N/A                                     ; 207.94 MHz ( period = 4.809 ns )                    ; Block1:inst|Block3:REGISTERFILE|Register:inst|inst    ; Block1:inst|Block3:REGISTERFILE|Register:inst27|inst1 ; KEY[0]     ; KEY[0]   ; None                        ; None                      ; 4.614 ns                ;
; N/A                                     ; 208.33 MHz ( period = 4.800 ns )                    ; Block1:inst|Block3:REGISTERFILE|Register:inst|inst    ; Block1:inst|Block3:REGISTERFILE|Register:inst25|inst1 ; KEY[0]     ; KEY[0]   ; None                        ; None                      ; 4.611 ns                ;
; N/A                                     ; 209.42 MHz ( period = 4.775 ns )                    ; Block1:inst|Block3:REGISTERFILE|Register:inst25|inst1 ; Block1:inst|Block3:REGISTERFILE|Register:inst27|inst1 ; KEY[0]     ; KEY[0]   ; None                        ; None                      ; 4.555 ns                ;
; N/A                                     ; 209.82 MHz ( period = 4.766 ns )                    ; Block1:inst|Block3:REGISTERFILE|Register:inst25|inst1 ; Block1:inst|Block3:REGISTERFILE|Register:inst25|inst1 ; KEY[0]     ; KEY[0]   ; None                        ; None                      ; 4.552 ns                ;
; N/A                                     ; 210.61 MHz ( period = 4.748 ns )                    ; Block1:inst|Block3:REGISTERFILE|Register:inst|inst1   ; Block1:inst|Block3:REGISTERFILE|Register:inst|inst1   ; KEY[0]     ; KEY[0]   ; None                        ; None                      ; 4.534 ns                ;
; N/A                                     ; 210.66 MHz ( period = 4.747 ns )                    ; Block1:inst|Block3:REGISTERFILE|Register:inst27|inst1 ; NextState:inst4|FFD1                                  ; KEY[0]     ; KEY[0]   ; None                        ; None                      ; 4.486 ns                ;
; N/A                                     ; 210.79 MHz ( period = 4.744 ns )                    ; NextState:inst4|FFD2                                  ; Block1:inst|Block3:REGISTERFILE|Register:inst|inst    ; KEY[0]     ; KEY[0]   ; None                        ; None                      ; 4.506 ns                ;
; N/A                                     ; 211.06 MHz ( period = 4.738 ns )                    ; Block1:inst|Block3:REGISTERFILE|Register:inst|inst2   ; Block1:inst|Block3:REGISTERFILE|Register:inst|inst2   ; KEY[0]     ; KEY[0]   ; None                        ; None                      ; 4.524 ns                ;
; N/A                                     ; 211.28 MHz ( period = 4.733 ns )                    ; Block1:inst|Block3:REGISTERFILE|Register:inst|inst1   ; Block1:inst|Block3:REGISTERFILE|Register:inst26|inst1 ; KEY[0]     ; KEY[0]   ; None                        ; None                      ; 4.535 ns                ;
; N/A                                     ; 211.46 MHz ( period = 4.729 ns )                    ; Block1:inst|Block3:REGISTERFILE|Register:inst27|inst1 ; Block1:inst|Block3:REGISTERFILE|Register:inst|inst3   ; KEY[0]     ; KEY[0]   ; None                        ; None                      ; 4.496 ns                ;
; N/A                                     ; 211.55 MHz ( period = 4.727 ns )                    ; NextState:inst4|FFD2                                  ; Block1:inst|Block3:REGISTERFILE|Register:inst26|inst  ; KEY[0]     ; KEY[0]   ; None                        ; None                      ; 4.505 ns                ;
; N/A                                     ; 211.82 MHz ( period = 4.721 ns )                    ; Block1:inst|Block3:REGISTERFILE|Register:inst|inst2   ; Block1:inst|Block3:REGISTERFILE|Register:inst26|inst2 ; KEY[0]     ; KEY[0]   ; None                        ; None                      ; 4.523 ns                ;
; N/A                                     ; 212.18 MHz ( period = 4.713 ns )                    ; Block1:inst|Block3:REGISTERFILE|Register:inst27|inst1 ; Block1:inst|Block3:REGISTERFILE|Register:inst26|inst3 ; KEY[0]     ; KEY[0]   ; None                        ; None                      ; 4.496 ns                ;
; N/A                                     ; 212.36 MHz ( period = 4.709 ns )                    ; NextState:inst4|FFD2                                  ; Block1:inst|Block3:REGISTERFILE|Register:inst25|inst  ; KEY[0]     ; KEY[0]   ; None                        ; None                      ; 4.496 ns                ;
; N/A                                     ; 212.40 MHz ( period = 4.708 ns )                    ; Block1:inst|Block3:REGISTERFILE|Register:inst|inst2   ; Block1:inst|Block3:REGISTERFILE|Register:inst27|inst2 ; KEY[0]     ; KEY[0]   ; None                        ; None                      ; 4.513 ns                ;
; N/A                                     ; 212.49 MHz ( period = 4.706 ns )                    ; Block1:inst|Block3:REGISTERFILE|Register:inst25|inst1 ; Block1:inst|Block3:REGISTERFILE|Register:inst25|inst2 ; KEY[0]     ; KEY[0]   ; None                        ; None                      ; 4.440 ns                ;
; N/A                                     ; 213.17 MHz ( period = 4.691 ns )                    ; Block1:inst|Block3:REGISTERFILE|Register:inst27|inst2 ; Block1:inst|Block3:REGISTERFILE|Register:inst27|inst3 ; KEY[0]     ; KEY[0]   ; None                        ; None                      ; 4.477 ns                ;
; N/A                                     ; 213.27 MHz ( period = 4.689 ns )                    ; NextState:inst4|FFD2                                  ; Block1:inst|Block3:REGISTERFILE|Register:inst27|inst  ; KEY[0]     ; KEY[0]   ; None                        ; None                      ; 4.470 ns                ;
; N/A                                     ; 213.58 MHz ( period = 4.682 ns )                    ; Block1:inst|Block3:REGISTERFILE|Register:inst26|inst  ; Block1:inst|Block3:REGISTERFILE|Register:inst|inst1   ; KEY[0]     ; KEY[0]   ; None                        ; None                      ; 4.452 ns                ;
; N/A                                     ; 213.86 MHz ( period = 4.676 ns )                    ; Block1:inst|Block3:REGISTERFILE|Register:inst|inst1   ; Block1:inst|Block3:REGISTERFILE|Register:inst25|inst3 ; KEY[0]     ; KEY[0]   ; None                        ; None                      ; 4.435 ns                ;
; N/A                                     ; 214.27 MHz ( period = 4.667 ns )                    ; Block1:inst|Block3:REGISTERFILE|Register:inst26|inst  ; Block1:inst|Block3:REGISTERFILE|Register:inst26|inst1 ; KEY[0]     ; KEY[0]   ; None                        ; None                      ; 4.453 ns                ;
; N/A                                     ; 214.78 MHz ( period = 4.656 ns )                    ; Block1:inst|Block3:REGISTERFILE|Register:inst26|inst1 ; Block1:inst|Block3:REGISTERFILE|Register:inst|inst1   ; KEY[0]     ; KEY[0]   ; None                        ; None                      ; 4.426 ns                ;
; N/A                                     ; 214.82 MHz ( period = 4.655 ns )                    ; Block1:inst|Block3:REGISTERFILE|Register:inst27|inst1 ; Block1:inst|Block3:REGISTERFILE|Register:inst|inst2   ; KEY[0]     ; KEY[0]   ; None                        ; None                      ; 4.422 ns                ;
; N/A                                     ; 215.05 MHz ( period = 4.650 ns )                    ; Block1:inst|Block3:REGISTERFILE|Register:inst|inst2   ; Block1:inst|Block3:REGISTERFILE|Register:inst27|inst3 ; KEY[0]     ; KEY[0]   ; None                        ; None                      ; 4.455 ns                ;
; N/A                                     ; 215.47 MHz ( period = 4.641 ns )                    ; Block1:inst|Block3:REGISTERFILE|Register:inst26|inst1 ; Block1:inst|Block3:REGISTERFILE|Register:inst26|inst1 ; KEY[0]     ; KEY[0]   ; None                        ; None                      ; 4.427 ns                ;
; N/A                                     ; 215.47 MHz ( period = 4.641 ns )                    ; Block1:inst|Block3:REGISTERFILE|Register:inst26|inst2 ; Block1:inst|Block3:REGISTERFILE|Register:inst25|inst3 ; KEY[0]     ; KEY[0]   ; None                        ; None                      ; 4.384 ns                ;
; N/A                                     ; 215.61 MHz ( period = 4.638 ns )                    ; Block1:inst|Block3:REGISTERFILE|Register:inst27|inst1 ; Block1:inst|Block3:REGISTERFILE|Register:inst26|inst2 ; KEY[0]     ; KEY[0]   ; None                        ; None                      ; 4.421 ns                ;
; N/A                                     ; 216.22 MHz ( period = 4.625 ns )                    ; Block1:inst|Block3:REGISTERFILE|Register:inst27|inst1 ; Block1:inst|Block3:REGISTERFILE|Register:inst27|inst2 ; KEY[0]     ; KEY[0]   ; None                        ; None                      ; 4.411 ns                ;
; N/A                                     ; 217.16 MHz ( period = 4.605 ns )                    ; Block1:inst|Block3:REGISTERFILE|Register:inst|inst3   ; Block1:inst|Block3:REGISTERFILE|Register:inst27|inst3 ; KEY[0]     ; KEY[0]   ; None                        ; None                      ; 4.410 ns                ;
; N/A                                     ; 218.44 MHz ( period = 4.578 ns )                    ; Block1:inst|Block3:REGISTERFILE|Register:inst26|inst1 ; Block1:inst|Block3:REGISTERFILE|Register:inst25|inst3 ; KEY[0]     ; KEY[0]   ; None                        ; None                      ; 4.321 ns                ;
; N/A                                     ; 221.14 MHz ( period = 4.522 ns )                    ; Block1:inst|Block3:REGISTERFILE|Register:inst27|inst  ; Block1:inst|Block3:REGISTERFILE|Register:inst25|inst3 ; KEY[0]     ; KEY[0]   ; None                        ; None                      ; 4.262 ns                ;
; N/A                                     ; 221.29 MHz ( period = 4.519 ns )                    ; Block1:inst|Block3:REGISTERFILE|Register:inst25|inst  ; Block1:inst|Block3:REGISTERFILE|Register:inst25|inst3 ; KEY[0]     ; KEY[0]   ; None                        ; None                      ; 4.253 ns                ;
; N/A                                     ; 221.39 MHz ( period = 4.517 ns )                    ; Block1:inst|Block3:REGISTERFILE|Register:inst27|inst2 ; NextState:inst4|FFD1                                  ; KEY[0]     ; KEY[0]   ; None                        ; None                      ; 4.256 ns                ;
; N/A                                     ; 221.93 MHz ( period = 4.506 ns )                    ; Block1:inst|Block3:REGISTERFILE|Register:inst25|inst3 ; Block1:inst|Block3:REGISTERFILE|Register:inst25|inst3 ; KEY[0]     ; KEY[0]   ; None                        ; None                      ; 4.292 ns                ;
; N/A                                     ; 221.93 MHz ( period = 4.506 ns )                    ; Block1:inst|Block3:REGISTERFILE|Register:inst|inst1   ; Block1:inst|Block3:REGISTERFILE|Register:inst27|inst1 ; KEY[0]     ; KEY[0]   ; None                        ; None                      ; 4.311 ns                ;
; N/A                                     ; 222.22 MHz ( period = 4.500 ns )                    ; Block1:inst|Block3:REGISTERFILE|Register:inst27|inst3 ; Block1:inst|Block3:REGISTERFILE|Register:inst27|inst3 ; KEY[0]     ; KEY[0]   ; None                        ; None                      ; 4.286 ns                ;
; N/A                                     ; 222.27 MHz ( period = 4.499 ns )                    ; Block1:inst|Block3:REGISTERFILE|Register:inst27|inst2 ; Block1:inst|Block3:REGISTERFILE|Register:inst|inst3   ; KEY[0]     ; KEY[0]   ; None                        ; None                      ; 4.266 ns                ;
; N/A                                     ; 222.37 MHz ( period = 4.497 ns )                    ; Block1:inst|Block3:REGISTERFILE|Register:inst|inst1   ; Block1:inst|Block3:REGISTERFILE|Register:inst25|inst1 ; KEY[0]     ; KEY[0]   ; None                        ; None                      ; 4.308 ns                ;
; N/A                                     ; 223.06 MHz ( period = 4.483 ns )                    ; Block1:inst|Block3:REGISTERFILE|Register:inst27|inst2 ; Block1:inst|Block3:REGISTERFILE|Register:inst26|inst3 ; KEY[0]     ; KEY[0]   ; None                        ; None                      ; 4.266 ns                ;
; N/A                                     ; 223.16 MHz ( period = 4.481 ns )                    ; Block1:inst|Block3:REGISTERFILE|Register:inst|inst    ; Block1:inst|Block3:REGISTERFILE|Register:inst25|inst3 ; KEY[0]     ; KEY[0]   ; None                        ; None                      ; 4.240 ns                ;
; N/A                                     ; 223.41 MHz ( period = 4.476 ns )                    ; Block1:inst|Block3:REGISTERFILE|Register:inst|inst2   ; NextState:inst4|FFD1                                  ; KEY[0]     ; KEY[0]   ; None                        ; None                      ; 4.234 ns                ;
; N/A                                     ; 223.61 MHz ( period = 4.472 ns )                    ; Block1:inst|Block3:REGISTERFILE|Register:inst27|inst2 ; Block1:inst|Block3:REGISTERFILE|Register:inst|inst2   ; KEY[0]     ; KEY[0]   ; None                        ; None                      ; 4.239 ns                ;
; N/A                                     ; 224.32 MHz ( period = 4.458 ns )                    ; Block1:inst|Block3:REGISTERFILE|Register:inst|inst2   ; Block1:inst|Block3:REGISTERFILE|Register:inst|inst3   ; KEY[0]     ; KEY[0]   ; None                        ; None                      ; 4.244 ns                ;
; N/A                                     ; 224.47 MHz ( period = 4.455 ns )                    ; Block1:inst|Block3:REGISTERFILE|Register:inst27|inst2 ; Block1:inst|Block3:REGISTERFILE|Register:inst26|inst2 ; KEY[0]     ; KEY[0]   ; None                        ; None                      ; 4.238 ns                ;
; N/A                                     ; 225.12 MHz ( period = 4.442 ns )                    ; Block1:inst|Block3:REGISTERFILE|Register:inst|inst2   ; Block1:inst|Block3:REGISTERFILE|Register:inst26|inst3 ; KEY[0]     ; KEY[0]   ; None                        ; None                      ; 4.244 ns                ;
; N/A                                     ; 225.12 MHz ( period = 4.442 ns )                    ; Block1:inst|Block3:REGISTERFILE|Register:inst27|inst2 ; Block1:inst|Block3:REGISTERFILE|Register:inst27|inst2 ; KEY[0]     ; KEY[0]   ; None                        ; None                      ; 4.228 ns                ;
; N/A                                     ; 225.23 MHz ( period = 4.440 ns )                    ; Block1:inst|Block3:REGISTERFILE|Register:inst26|inst  ; Block1:inst|Block3:REGISTERFILE|Register:inst27|inst1 ; KEY[0]     ; KEY[0]   ; None                        ; None                      ; 4.229 ns                ;
; N/A                                     ; 225.38 MHz ( period = 4.437 ns )                    ; Block1:inst|Block3:REGISTERFILE|Register:inst|inst1   ; Block1:inst|Block3:REGISTERFILE|Register:inst25|inst2 ; KEY[0]     ; KEY[0]   ; None                        ; None                      ; 4.196 ns                ;
; N/A                                     ; 225.63 MHz ( period = 4.432 ns )                    ; NextState:inst4|FFD0                                  ; Block1:inst|Block3:REGISTERFILE|Register:inst|inst    ; KEY[0]     ; KEY[0]   ; None                        ; None                      ; 4.200 ns                ;
; N/A                                     ; 225.68 MHz ( period = 4.431 ns )                    ; Block1:inst|Block3:REGISTERFILE|Register:inst|inst3   ; NextState:inst4|FFD1                                  ; KEY[0]     ; KEY[0]   ; None                        ; None                      ; 4.189 ns                ;
; N/A                                     ; 225.68 MHz ( period = 4.431 ns )                    ; Block1:inst|Block3:REGISTERFILE|Register:inst26|inst  ; Block1:inst|Block3:REGISTERFILE|Register:inst25|inst1 ; KEY[0]     ; KEY[0]   ; None                        ; None                      ; 4.226 ns                ;
; N/A                                     ; 225.73 MHz ( period = 4.430 ns )                    ; Block1:inst|Block3:REGISTERFILE|Register:inst26|inst3 ; Block1:inst|Block3:REGISTERFILE|Register:inst25|inst3 ; KEY[0]     ; KEY[0]   ; None                        ; None                      ; 4.173 ns                ;
; N/A                                     ; 226.24 MHz ( period = 4.420 ns )                    ; Block1:inst|Block3:REGISTERFILE|Register:inst25|inst2 ; Block1:inst|Block3:REGISTERFILE|Register:inst25|inst2 ; KEY[0]     ; KEY[0]   ; None                        ; None                      ; 4.206 ns                ;
; N/A                                     ; 226.50 MHz ( period = 4.415 ns )                    ; NextState:inst4|FFD0                                  ; Block1:inst|Block3:REGISTERFILE|Register:inst26|inst  ; KEY[0]     ; KEY[0]   ; None                        ; None                      ; 4.199 ns                ;
; N/A                                     ; 226.55 MHz ( period = 4.414 ns )                    ; Block1:inst|Block3:REGISTERFILE|Register:inst26|inst1 ; Block1:inst|Block3:REGISTERFILE|Register:inst27|inst1 ; KEY[0]     ; KEY[0]   ; None                        ; None                      ; 4.203 ns                ;
; N/A                                     ; 226.60 MHz ( period = 4.413 ns )                    ; Block1:inst|Block3:REGISTERFILE|Register:inst|inst3   ; Block1:inst|Block3:REGISTERFILE|Register:inst|inst3   ; KEY[0]     ; KEY[0]   ; None                        ; None                      ; 4.199 ns                ;
; N/A                                     ; 227.01 MHz ( period = 4.405 ns )                    ; Block1:inst|Block3:REGISTERFILE|Register:inst26|inst1 ; Block1:inst|Block3:REGISTERFILE|Register:inst25|inst1 ; KEY[0]     ; KEY[0]   ; None                        ; None                      ; 4.200 ns                ;
; N/A                                     ; 227.43 MHz ( period = 4.397 ns )                    ; NextState:inst4|FFD0                                  ; Block1:inst|Block3:REGISTERFILE|Register:inst25|inst  ; KEY[0]     ; KEY[0]   ; None                        ; None                      ; 4.190 ns                ;
; N/A                                     ; 227.43 MHz ( period = 4.397 ns )                    ; Block1:inst|Block3:REGISTERFILE|Register:inst|inst3   ; Block1:inst|Block3:REGISTERFILE|Register:inst26|inst3 ; KEY[0]     ; KEY[0]   ; None                        ; None                      ; 4.199 ns                ;
; N/A                                     ; 228.00 MHz ( period = 4.386 ns )                    ; Block1:inst|Block3:REGISTERFILE|Register:inst26|inst2 ; Block1:inst|Block3:REGISTERFILE|Register:inst25|inst2 ; KEY[0]     ; KEY[0]   ; None                        ; None                      ; 4.129 ns                ;
; N/A                                     ; 228.47 MHz ( period = 4.377 ns )                    ; NextState:inst4|FFD0                                  ; Block1:inst|Block3:REGISTERFILE|Register:inst27|inst  ; KEY[0]     ; KEY[0]   ; None                        ; None                      ; 4.164 ns                ;
; N/A                                     ; 230.31 MHz ( period = 4.342 ns )                    ; Block1:inst|Block3:REGISTERFILE|Register:inst25|inst2 ; Block1:inst|Block3:REGISTERFILE|Register:inst25|inst3 ; KEY[0]     ; KEY[0]   ; None                        ; None                      ; 4.128 ns                ;
; N/A                                     ; 231.16 MHz ( period = 4.326 ns )                    ; Block1:inst|Block3:REGISTERFILE|Register:inst27|inst3 ; NextState:inst4|FFD1                                  ; KEY[0]     ; KEY[0]   ; None                        ; None                      ; 4.065 ns                ;
; N/A                                     ; 232.13 MHz ( period = 4.308 ns )                    ; NextState:inst4|FFD1                                  ; Block1:inst|Block3:REGISTERFILE|Register:inst|inst    ; KEY[0]     ; KEY[0]   ; None                        ; None                      ; 4.122 ns                ;
; N/A                                     ; 232.13 MHz ( period = 4.308 ns )                    ; Block1:inst|Block3:REGISTERFILE|Register:inst27|inst3 ; Block1:inst|Block3:REGISTERFILE|Register:inst|inst3   ; KEY[0]     ; KEY[0]   ; None                        ; None                      ; 4.075 ns                ;
; N/A                                     ; 232.99 MHz ( period = 4.292 ns )                    ; Block1:inst|Block3:REGISTERFILE|Register:inst27|inst3 ; Block1:inst|Block3:REGISTERFILE|Register:inst26|inst3 ; KEY[0]     ; KEY[0]   ; None                        ; None                      ; 4.075 ns                ;
; N/A                                     ; 233.05 MHz ( period = 4.291 ns )                    ; NextState:inst4|FFD1                                  ; Block1:inst|Block3:REGISTERFILE|Register:inst26|inst  ; KEY[0]     ; KEY[0]   ; None                        ; None                      ; 4.121 ns                ;
; N/A                                     ; 233.05 MHz ( period = 4.291 ns )                    ; Block1:inst|Block3:REGISTERFILE|Register:inst27|inst  ; Block1:inst|Block3:REGISTERFILE|Register:inst|inst    ; KEY[0]     ; KEY[0]   ; None                        ; None                      ; 4.058 ns                ;
; N/A                                     ; 233.48 MHz ( period = 4.283 ns )                    ; Block1:inst|Block3:REGISTERFILE|Register:inst26|inst  ; Block1:inst|Block3:REGISTERFILE|Register:inst25|inst3 ; KEY[0]     ; KEY[0]   ; None                        ; None                      ; 4.026 ns                ;
; N/A                                     ; 233.81 MHz ( period = 4.277 ns )                    ; Block1:inst|Block3:REGISTERFILE|Register:inst25|inst  ; Block1:inst|Block3:REGISTERFILE|Register:inst25|inst2 ; KEY[0]     ; KEY[0]   ; None                        ; None                      ; 4.011 ns                ;
; N/A                                     ; 233.86 MHz ( period = 4.276 ns )                    ; Block1:inst|Block3:REGISTERFILE|Register:inst26|inst1 ; Block1:inst|Block3:REGISTERFILE|Register:inst25|inst2 ; KEY[0]     ; KEY[0]   ; None                        ; None                      ; 4.019 ns                ;
; N/A                                     ; 233.97 MHz ( period = 4.274 ns )                    ; Block1:inst|Block3:REGISTERFILE|Register:inst27|inst  ; Block1:inst|Block3:REGISTERFILE|Register:inst26|inst  ; KEY[0]     ; KEY[0]   ; None                        ; None                      ; 4.057 ns                ;
; N/A                                     ; 234.03 MHz ( period = 4.273 ns )                    ; NextState:inst4|FFD1                                  ; Block1:inst|Block3:REGISTERFILE|Register:inst25|inst  ; KEY[0]     ; KEY[0]   ; None                        ; None                      ; 4.112 ns                ;
; N/A                                     ; 234.96 MHz ( period = 4.256 ns )                    ; Block1:inst|Block3:REGISTERFILE|Register:inst27|inst  ; Block1:inst|Block3:REGISTERFILE|Register:inst25|inst  ; KEY[0]     ; KEY[0]   ; None                        ; None                      ; 4.048 ns                ;
; N/A                                     ; 235.13 MHz ( period = 4.253 ns )                    ; NextState:inst4|FFD1                                  ; Block1:inst|Block3:REGISTERFILE|Register:inst27|inst  ; KEY[0]     ; KEY[0]   ; None                        ; None                      ; 4.086 ns                ;
; N/A                                     ; 235.90 MHz ( period = 4.239 ns )                    ; Block1:inst|Block3:REGISTERFILE|Register:inst|inst    ; Block1:inst|Block3:REGISTERFILE|Register:inst25|inst2 ; KEY[0]     ; KEY[0]   ; None                        ; None                      ; 3.998 ns                ;
; Timing analysis restricted to 200 rows. ; To change the limit use Settings (Assignments menu) ;                                                       ;                                                       ;            ;          ;                             ;                           ;                         ;
+-----------------------------------------+-----------------------------------------------------+-------------------------------------------------------+-------------------------------------------------------+------------+----------+-----------------------------+---------------------------+-------------------------+


+--------------------------------------------------------------------------------------------------------------+
; tsu                                                                                                          ;
+-------+--------------+------------+-------+-------------------------------------------------------+----------+
; Slack ; Required tsu ; Actual tsu ; From  ; To                                                    ; To Clock ;
+-------+--------------+------------+-------+-------------------------------------------------------+----------+
; N/A   ; None         ; 2.539 ns   ; SW[3] ; Block1:inst|Block3:REGISTERFILE|Register:inst27|inst3 ; KEY[0]   ;
; N/A   ; None         ; 2.347 ns   ; SW[3] ; Block1:inst|Block3:REGISTERFILE|Register:inst|inst3   ; KEY[0]   ;
; N/A   ; None         ; 2.331 ns   ; SW[3] ; Block1:inst|Block3:REGISTERFILE|Register:inst26|inst3 ; KEY[0]   ;
; N/A   ; None         ; 1.636 ns   ; SW[3] ; Block1:inst|Block3:REGISTERFILE|Register:inst25|inst3 ; KEY[0]   ;
; N/A   ; None         ; 1.270 ns   ; SW[2] ; Block1:inst|Block3:REGISTERFILE|Register:inst|inst2   ; KEY[0]   ;
; N/A   ; None         ; 1.253 ns   ; SW[2] ; Block1:inst|Block3:REGISTERFILE|Register:inst26|inst2 ; KEY[0]   ;
; N/A   ; None         ; 1.240 ns   ; SW[2] ; Block1:inst|Block3:REGISTERFILE|Register:inst27|inst2 ; KEY[0]   ;
; N/A   ; None         ; 1.093 ns   ; SW[1] ; Block1:inst|Block3:REGISTERFILE|Register:inst|inst1   ; KEY[0]   ;
; N/A   ; None         ; 1.078 ns   ; SW[1] ; Block1:inst|Block3:REGISTERFILE|Register:inst26|inst1 ; KEY[0]   ;
; N/A   ; None         ; 1.038 ns   ; SW[0] ; Block1:inst|Block3:REGISTERFILE|Register:inst|inst    ; KEY[0]   ;
; N/A   ; None         ; 1.021 ns   ; SW[0] ; Block1:inst|Block3:REGISTERFILE|Register:inst26|inst  ; KEY[0]   ;
; N/A   ; None         ; 1.003 ns   ; SW[0] ; Block1:inst|Block3:REGISTERFILE|Register:inst25|inst  ; KEY[0]   ;
; N/A   ; None         ; 0.983 ns   ; SW[0] ; Block1:inst|Block3:REGISTERFILE|Register:inst27|inst  ; KEY[0]   ;
; N/A   ; None         ; 0.880 ns   ; SW[4] ; NextState:inst4|FFD0                                  ; KEY[0]   ;
; N/A   ; None         ; 0.851 ns   ; SW[1] ; Block1:inst|Block3:REGISTERFILE|Register:inst27|inst1 ; KEY[0]   ;
; N/A   ; None         ; 0.842 ns   ; SW[1] ; Block1:inst|Block3:REGISTERFILE|Register:inst25|inst1 ; KEY[0]   ;
; N/A   ; None         ; 0.331 ns   ; SW[2] ; Block1:inst|Block3:REGISTERFILE|Register:inst25|inst2 ; KEY[0]   ;
+-------+--------------+------------+-------+-------------------------------------------------------+----------+


+-------------------------------------------------------------------------------------------------------------------+
; tco                                                                                                               ;
+-------+--------------+------------+-------------------------------------------------------+----------+------------+
; Slack ; Required tco ; Actual tco ; From                                                  ; To       ; From Clock ;
+-------+--------------+------------+-------------------------------------------------------+----------+------------+
; N/A   ; None         ; 12.824 ns  ; NextState:inst4|FFD2                                  ; LEDR[2]  ; KEY[0]     ;
; N/A   ; None         ; 12.718 ns  ; NextState:inst4|FFD2                                  ; LEDR[3]  ; KEY[0]     ;
; N/A   ; None         ; 12.712 ns  ; NextState:inst4|FFD1                                  ; LEDR[2]  ; KEY[0]     ;
; N/A   ; None         ; 12.615 ns  ; NextState:inst4|FFD0                                  ; LEDR[3]  ; KEY[0]     ;
; N/A   ; None         ; 12.529 ns  ; NextState:inst4|FFD1                                  ; LEDR[3]  ; KEY[0]     ;
; N/A   ; None         ; 12.471 ns  ; NextState:inst4|FFD0                                  ; LEDR[2]  ; KEY[0]     ;
; N/A   ; None         ; 12.371 ns  ; Block1:inst|Block3:REGISTERFILE|Register:inst25|inst1 ; LEDR[3]  ; KEY[0]     ;
; N/A   ; None         ; 12.290 ns  ; Block1:inst|Block3:REGISTERFILE|Register:inst25|inst1 ; LEDR[2]  ; KEY[0]     ;
; N/A   ; None         ; 12.102 ns  ; Block1:inst|Block3:REGISTERFILE|Register:inst|inst1   ; LEDR[3]  ; KEY[0]     ;
; N/A   ; None         ; 12.067 ns  ; Block1:inst|Block3:REGISTERFILE|Register:inst26|inst2 ; LEDR[3]  ; KEY[0]     ;
; N/A   ; None         ; 12.021 ns  ; Block1:inst|Block3:REGISTERFILE|Register:inst|inst1   ; LEDR[2]  ; KEY[0]     ;
; N/A   ; None         ; 12.004 ns  ; Block1:inst|Block3:REGISTERFILE|Register:inst25|inst2 ; LEDR[2]  ; KEY[0]     ;
; N/A   ; None         ; 12.004 ns  ; Block1:inst|Block3:REGISTERFILE|Register:inst26|inst1 ; LEDR[3]  ; KEY[0]     ;
; N/A   ; None         ; 11.970 ns  ; Block1:inst|Block3:REGISTERFILE|Register:inst26|inst2 ; LEDR[2]  ; KEY[0]     ;
; N/A   ; None         ; 11.948 ns  ; Block1:inst|Block3:REGISTERFILE|Register:inst27|inst  ; LEDR[3]  ; KEY[0]     ;
; N/A   ; None         ; 11.945 ns  ; Block1:inst|Block3:REGISTERFILE|Register:inst25|inst  ; LEDR[3]  ; KEY[0]     ;
; N/A   ; None         ; 11.932 ns  ; Block1:inst|Block3:REGISTERFILE|Register:inst25|inst3 ; LEDR[3]  ; KEY[0]     ;
; N/A   ; None         ; 11.907 ns  ; Block1:inst|Block3:REGISTERFILE|Register:inst|inst    ; LEDR[3]  ; KEY[0]     ;
; N/A   ; None         ; 11.893 ns  ; NextState:inst4|FFD2                                  ; LEDR[1]  ; KEY[0]     ;
; N/A   ; None         ; 11.861 ns  ; Block1:inst|Block3:REGISTERFILE|Register:inst25|inst  ; LEDR[2]  ; KEY[0]     ;
; N/A   ; None         ; 11.860 ns  ; Block1:inst|Block3:REGISTERFILE|Register:inst26|inst1 ; LEDR[2]  ; KEY[0]     ;
; N/A   ; None         ; 11.856 ns  ; Block1:inst|Block3:REGISTERFILE|Register:inst26|inst3 ; LEDR[3]  ; KEY[0]     ;
; N/A   ; None         ; 11.823 ns  ; Block1:inst|Block3:REGISTERFILE|Register:inst|inst    ; LEDR[2]  ; KEY[0]     ;
; N/A   ; None         ; 11.804 ns  ; Block1:inst|Block3:REGISTERFILE|Register:inst27|inst  ; LEDR[2]  ; KEY[0]     ;
; N/A   ; None         ; 11.768 ns  ; Block1:inst|Block3:REGISTERFILE|Register:inst25|inst2 ; LEDR[3]  ; KEY[0]     ;
; N/A   ; None         ; 11.709 ns  ; Block1:inst|Block3:REGISTERFILE|Register:inst26|inst  ; LEDR[3]  ; KEY[0]     ;
; N/A   ; None         ; 11.625 ns  ; Block1:inst|Block3:REGISTERFILE|Register:inst26|inst  ; LEDR[2]  ; KEY[0]     ;
; N/A   ; None         ; 11.581 ns  ; NextState:inst4|FFD0                                  ; LEDR[1]  ; KEY[0]     ;
; N/A   ; None         ; 11.449 ns  ; NextState:inst4|FFD1                                  ; LEDR[1]  ; KEY[0]     ;
; N/A   ; None         ; 11.444 ns  ; Block1:inst|Block3:REGISTERFILE|Register:inst27|inst1 ; LEDR[3]  ; KEY[0]     ;
; N/A   ; None         ; 11.440 ns  ; Block1:inst|Block3:REGISTERFILE|Register:inst27|inst  ; LEDR[1]  ; KEY[0]     ;
; N/A   ; None         ; 11.383 ns  ; Block1:inst|Block3:REGISTERFILE|Register:inst|inst2   ; LEDR[2]  ; KEY[0]     ;
; N/A   ; None         ; 11.300 ns  ; Block1:inst|Block3:REGISTERFILE|Register:inst27|inst1 ; LEDR[2]  ; KEY[0]     ;
; N/A   ; None         ; 11.226 ns  ; NextState:inst4|FFD2                                  ; LEDR[0]  ; KEY[0]     ;
; N/A   ; None         ; 11.214 ns  ; Block1:inst|Block3:REGISTERFILE|Register:inst27|inst2 ; LEDR[3]  ; KEY[0]     ;
; N/A   ; None         ; 11.210 ns  ; Block1:inst|Block3:REGISTERFILE|Register:inst25|inst  ; LEDR[1]  ; KEY[0]     ;
; N/A   ; None         ; 11.173 ns  ; Block1:inst|Block3:REGISTERFILE|Register:inst|inst2   ; LEDR[3]  ; KEY[0]     ;
; N/A   ; None         ; 11.128 ns  ; Block1:inst|Block3:REGISTERFILE|Register:inst|inst3   ; LEDR[3]  ; KEY[0]     ;
; N/A   ; None         ; 11.117 ns  ; Block1:inst|Block3:REGISTERFILE|Register:inst27|inst2 ; LEDR[2]  ; KEY[0]     ;
; N/A   ; None         ; 11.056 ns  ; Block1:inst|Block3:REGISTERFILE|Register:inst|inst    ; LEDR[1]  ; KEY[0]     ;
; N/A   ; None         ; 11.023 ns  ; Block1:inst|Block3:REGISTERFILE|Register:inst27|inst3 ; LEDR[3]  ; KEY[0]     ;
; N/A   ; None         ; 11.022 ns  ; Block1:inst|Block3:REGISTERFILE|Register:inst25|inst1 ; LEDR[1]  ; KEY[0]     ;
; N/A   ; None         ; 10.914 ns  ; NextState:inst4|FFD0                                  ; LEDR[0]  ; KEY[0]     ;
; N/A   ; None         ; 10.790 ns  ; NextState:inst4|FFD1                                  ; LEDR[0]  ; KEY[0]     ;
; N/A   ; None         ; 10.773 ns  ; Block1:inst|Block3:REGISTERFILE|Register:inst27|inst  ; LEDR[0]  ; KEY[0]     ;
; N/A   ; None         ; 10.753 ns  ; Block1:inst|Block3:REGISTERFILE|Register:inst|inst1   ; LEDR[1]  ; KEY[0]     ;
; N/A   ; None         ; 10.687 ns  ; Block1:inst|Block3:REGISTERFILE|Register:inst26|inst  ; LEDR[1]  ; KEY[0]     ;
; N/A   ; None         ; 10.661 ns  ; Block1:inst|Block3:REGISTERFILE|Register:inst26|inst1 ; LEDR[1]  ; KEY[0]     ;
; N/A   ; None         ; 10.543 ns  ; Block1:inst|Block3:REGISTERFILE|Register:inst25|inst  ; LEDR[0]  ; KEY[0]     ;
; N/A   ; None         ; 10.389 ns  ; Block1:inst|Block3:REGISTERFILE|Register:inst|inst    ; LEDR[0]  ; KEY[0]     ;
; N/A   ; None         ; 10.101 ns  ; Block1:inst|Block3:REGISTERFILE|Register:inst27|inst1 ; LEDR[1]  ; KEY[0]     ;
; N/A   ; None         ; 10.020 ns  ; Block1:inst|Block3:REGISTERFILE|Register:inst26|inst  ; LEDR[0]  ; KEY[0]     ;
; N/A   ; None         ; 7.883 ns   ; NextState:inst4|FFD2                                  ; DONEFLAG ; KEY[0]     ;
; N/A   ; None         ; 7.382 ns   ; NextState:inst4|FFD0                                  ; DONEFLAG ; KEY[0]     ;
; N/A   ; None         ; 7.061 ns   ; NextState:inst4|FFD1                                  ; DONEFLAG ; KEY[0]     ;
+-------+--------------+------------+-------------------------------------------------------+----------+------------+


+--------------------------------------------------------------------------------------------------------------------+
; th                                                                                                                 ;
+---------------+-------------+-----------+-------+-------------------------------------------------------+----------+
; Minimum Slack ; Required th ; Actual th ; From  ; To                                                    ; To Clock ;
+---------------+-------------+-----------+-------+-------------------------------------------------------+----------+
; N/A           ; None        ; -0.101 ns ; SW[2] ; Block1:inst|Block3:REGISTERFILE|Register:inst25|inst2 ; KEY[0]   ;
; N/A           ; None        ; -0.612 ns ; SW[1] ; Block1:inst|Block3:REGISTERFILE|Register:inst25|inst1 ; KEY[0]   ;
; N/A           ; None        ; -0.621 ns ; SW[1] ; Block1:inst|Block3:REGISTERFILE|Register:inst27|inst1 ; KEY[0]   ;
; N/A           ; None        ; -0.650 ns ; SW[4] ; NextState:inst4|FFD0                                  ; KEY[0]   ;
; N/A           ; None        ; -0.753 ns ; SW[0] ; Block1:inst|Block3:REGISTERFILE|Register:inst27|inst  ; KEY[0]   ;
; N/A           ; None        ; -0.773 ns ; SW[0] ; Block1:inst|Block3:REGISTERFILE|Register:inst25|inst  ; KEY[0]   ;
; N/A           ; None        ; -0.791 ns ; SW[0] ; Block1:inst|Block3:REGISTERFILE|Register:inst26|inst  ; KEY[0]   ;
; N/A           ; None        ; -0.808 ns ; SW[0] ; Block1:inst|Block3:REGISTERFILE|Register:inst|inst    ; KEY[0]   ;
; N/A           ; None        ; -0.848 ns ; SW[1] ; Block1:inst|Block3:REGISTERFILE|Register:inst26|inst1 ; KEY[0]   ;
; N/A           ; None        ; -0.863 ns ; SW[1] ; Block1:inst|Block3:REGISTERFILE|Register:inst|inst1   ; KEY[0]   ;
; N/A           ; None        ; -1.010 ns ; SW[2] ; Block1:inst|Block3:REGISTERFILE|Register:inst27|inst2 ; KEY[0]   ;
; N/A           ; None        ; -1.023 ns ; SW[2] ; Block1:inst|Block3:REGISTERFILE|Register:inst26|inst2 ; KEY[0]   ;
; N/A           ; None        ; -1.040 ns ; SW[2] ; Block1:inst|Block3:REGISTERFILE|Register:inst|inst2   ; KEY[0]   ;
; N/A           ; None        ; -1.406 ns ; SW[3] ; Block1:inst|Block3:REGISTERFILE|Register:inst25|inst3 ; KEY[0]   ;
; N/A           ; None        ; -2.101 ns ; SW[3] ; Block1:inst|Block3:REGISTERFILE|Register:inst26|inst3 ; KEY[0]   ;
; N/A           ; None        ; -2.117 ns ; SW[3] ; Block1:inst|Block3:REGISTERFILE|Register:inst|inst3   ; KEY[0]   ;
; N/A           ; None        ; -2.309 ns ; SW[3] ; Block1:inst|Block3:REGISTERFILE|Register:inst27|inst3 ; KEY[0]   ;
+---------------+-------------+-----------+-------+-------------------------------------------------------+----------+


+--------------------------+
; Timing Analyzer Messages ;
+--------------------------+
Info: *******************************************************************
Info: Running Quartus II Classic Timing Analyzer
    Info: Version 9.0 Build 184 04/29/2009 Service Pack 1 SJ Web Edition
    Info: Processing started: Wed Dec 19 14:02:14 2018
Info: Command: quartus_tan --read_settings_files=off --write_settings_files=off Register -c Register --timing_analysis_only
Warning: Found pins functioning as undefined clocks and/or memory enables
    Info: Assuming node "KEY[0]" is an undefined clock
Info: Clock "KEY[0]" has Internal fmax of 161.42 MHz between source register "NextState:inst4|FFD2" and destination register "Block1:inst|Block3:REGISTERFILE|Register:inst27|inst3" (period= 6.195 ns)
    Info: + Longest register to register delay is 5.976 ns
        Info: 1: + IC(0.000 ns) + CELL(0.000 ns) = 0.000 ns; Loc. = LCFF_X62_Y26_N9; Fanout = 21; REG Node = 'NextState:inst4|FFD2'
        Info: 2: + IC(0.560 ns) + CELL(0.438 ns) = 0.998 ns; Loc. = LCCOMB_X62_Y26_N26; Fanout = 6; COMB Node = 'NextState:inst4|inst39'
        Info: 3: + IC(0.674 ns) + CELL(0.150 ns) = 1.822 ns; Loc. = LCCOMB_X61_Y26_N4; Fanout = 1; COMB Node = 'Block1:inst|Block3:REGISTERFILE|mux81_4b:inst35|Mux1~0'
        Info: 4: + IC(0.689 ns) + CELL(0.150 ns) = 2.661 ns; Loc. = LCCOMB_X64_Y26_N24; Fanout = 2; COMB Node = 'Block1:inst|Block3:REGISTERFILE|mux81_4b:inst35|Mux1~1'
        Info: 5: + IC(0.265 ns) + CELL(0.275 ns) = 3.201 ns; Loc. = LCCOMB_X64_Y26_N20; Fanout = 2; COMB Node = 'Block1:inst|Block3:REGISTERFILE|busmux:inst3|lpm_mux:$00000|mux_omc:auto_generated|result_node[2]~14'
        Info: 6: + IC(0.268 ns) + CELL(0.271 ns) = 3.740 ns; Loc. = LCCOMB_X64_Y26_N12; Fanout = 1; COMB Node = 'Block1:inst|ALU:inst|FA:inst|HA:inst8|inst4~0'
        Info: 7: + IC(0.247 ns) + CELL(0.150 ns) = 4.137 ns; Loc. = LCCOMB_X64_Y26_N6; Fanout = 1; COMB Node = 'Block1:inst|ALU:inst|busmux:inst5|lpm_mux:$00000|mux_omc:auto_generated|result_node[3]~11'
        Info: 8: + IC(0.249 ns) + CELL(0.149 ns) = 4.535 ns; Loc. = LCCOMB_X64_Y26_N28; Fanout = 3; COMB Node = 'Block1:inst|ALU:inst|busmux:inst5|lpm_mux:$00000|mux_omc:auto_generated|result_node[3]~12'
        Info: 9: + IC(0.258 ns) + CELL(0.150 ns) = 4.943 ns; Loc. = LCCOMB_X64_Y26_N26; Fanout = 4; COMB Node = 'Block1:inst|busmux:SELECTOR|lpm_mux:$00000|mux_omc:auto_generated|result_node[3]~8'
        Info: 10: + IC(0.667 ns) + CELL(0.366 ns) = 5.976 ns; Loc. = LCFF_X61_Y26_N11; Fanout = 1; REG Node = 'Block1:inst|Block3:REGISTERFILE|Register:inst27|inst3'
        Info: Total cell delay = 2.099 ns ( 35.12 % )
        Info: Total interconnect delay = 3.877 ns ( 64.88 % )
    Info: - Smallest clock skew is -0.005 ns
        Info: + Shortest clock path from clock "KEY[0]" to destination register is 2.614 ns
            Info: 1: + IC(0.000 ns) + CELL(0.862 ns) = 0.862 ns; Loc. = PIN_G26; Fanout = 19; CLK Node = 'KEY[0]'
            Info: 2: + IC(1.215 ns) + CELL(0.537 ns) = 2.614 ns; Loc. = LCFF_X61_Y26_N11; Fanout = 1; REG Node = 'Block1:inst|Block3:REGISTERFILE|Register:inst27|inst3'
            Info: Total cell delay = 1.399 ns ( 53.52 % )
            Info: Total interconnect delay = 1.215 ns ( 46.48 % )
        Info: - Longest clock path from clock "KEY[0]" to source register is 2.619 ns
            Info: 1: + IC(0.000 ns) + CELL(0.862 ns) = 0.862 ns; Loc. = PIN_G26; Fanout = 19; CLK Node = 'KEY[0]'
            Info: 2: + IC(1.220 ns) + CELL(0.537 ns) = 2.619 ns; Loc. = LCFF_X62_Y26_N9; Fanout = 21; REG Node = 'NextState:inst4|FFD2'
            Info: Total cell delay = 1.399 ns ( 53.42 % )
            Info: Total interconnect delay = 1.220 ns ( 46.58 % )
    Info: + Micro clock to output delay of source is 0.250 ns
    Info: + Micro setup delay of destination is -0.036 ns
Info: tsu for register "Block1:inst|Block3:REGISTERFILE|Register:inst27|inst3" (data pin = "SW[3]", clock pin = "KEY[0]") is 2.539 ns
    Info: + Longest pin to register delay is 5.189 ns
        Info: 1: + IC(0.000 ns) + CELL(0.999 ns) = 0.999 ns; Loc. = PIN_AE14; Fanout = 1; PIN Node = 'SW[3]'
        Info: 2: + IC(2.738 ns) + CELL(0.419 ns) = 4.156 ns; Loc. = LCCOMB_X64_Y26_N26; Fanout = 4; COMB Node = 'Block1:inst|busmux:SELECTOR|lpm_mux:$00000|mux_omc:auto_generated|result_node[3]~8'
        Info: 3: + IC(0.667 ns) + CELL(0.366 ns) = 5.189 ns; Loc. = LCFF_X61_Y26_N11; Fanout = 1; REG Node = 'Block1:inst|Block3:REGISTERFILE|Register:inst27|inst3'
        Info: Total cell delay = 1.784 ns ( 34.38 % )
        Info: Total interconnect delay = 3.405 ns ( 65.62 % )
    Info: + Micro setup delay of destination is -0.036 ns
    Info: - Shortest clock path from clock "KEY[0]" to destination register is 2.614 ns
        Info: 1: + IC(0.000 ns) + CELL(0.862 ns) = 0.862 ns; Loc. = PIN_G26; Fanout = 19; CLK Node = 'KEY[0]'
        Info: 2: + IC(1.215 ns) + CELL(0.537 ns) = 2.614 ns; Loc. = LCFF_X61_Y26_N11; Fanout = 1; REG Node = 'Block1:inst|Block3:REGISTERFILE|Register:inst27|inst3'
        Info: Total cell delay = 1.399 ns ( 53.52 % )
        Info: Total interconnect delay = 1.215 ns ( 46.48 % )
Info: tco from clock "KEY[0]" to destination pin "LEDR[2]" through register "NextState:inst4|FFD2" is 12.824 ns
    Info: + Longest clock path from clock "KEY[0]" to source register is 2.619 ns
        Info: 1: + IC(0.000 ns) + CELL(0.862 ns) = 0.862 ns; Loc. = PIN_G26; Fanout = 19; CLK Node = 'KEY[0]'
        Info: 2: + IC(1.220 ns) + CELL(0.537 ns) = 2.619 ns; Loc. = LCFF_X62_Y26_N9; Fanout = 21; REG Node = 'NextState:inst4|FFD2'
        Info: Total cell delay = 1.399 ns ( 53.42 % )
        Info: Total interconnect delay = 1.220 ns ( 46.58 % )
    Info: + Micro clock to output delay of source is 0.250 ns
    Info: + Longest register to pin delay is 9.955 ns
        Info: 1: + IC(0.000 ns) + CELL(0.000 ns) = 0.000 ns; Loc. = LCFF_X62_Y26_N9; Fanout = 21; REG Node = 'NextState:inst4|FFD2'
        Info: 2: + IC(0.560 ns) + CELL(0.398 ns) = 0.958 ns; Loc. = LCCOMB_X62_Y26_N2; Fanout = 14; COMB Node = 'NextState:inst4|inst30~0'
        Info: 3: + IC(0.937 ns) + CELL(0.150 ns) = 2.045 ns; Loc. = LCCOMB_X63_Y26_N24; Fanout = 3; COMB Node = 'Block1:inst|Block3:REGISTERFILE|mux81_4b:inst1|Mux2~1'
        Info: 4: + IC(0.686 ns) + CELL(0.275 ns) = 3.006 ns; Loc. = LCCOMB_X62_Y26_N6; Fanout = 1; COMB Node = 'Block1:inst|ALU:inst|busmux:inst5|lpm_mux:$00000|mux_omc:auto_generated|result_node[2]~14'
        Info: 5: + IC(0.653 ns) + CELL(0.420 ns) = 4.079 ns; Loc. = LCCOMB_X64_Y26_N30; Fanout = 1; COMB Node = 'Block1:inst|ALU:inst|busmux:inst5|lpm_mux:$00000|mux_omc:auto_generated|result_node[2]~15'
        Info: 6: + IC(0.244 ns) + CELL(0.149 ns) = 4.472 ns; Loc. = LCCOMB_X64_Y26_N0; Fanout = 3; COMB Node = 'Block1:inst|ALU:inst|busmux:inst5|lpm_mux:$00000|mux_omc:auto_generated|result_node[2]~16'
        Info: 7: + IC(2.695 ns) + CELL(2.788 ns) = 9.955 ns; Loc. = PIN_AB21; Fanout = 0; PIN Node = 'LEDR[2]'
        Info: Total cell delay = 4.180 ns ( 41.99 % )
        Info: Total interconnect delay = 5.775 ns ( 58.01 % )
Info: th for register "Block1:inst|Block3:REGISTERFILE|Register:inst25|inst2" (data pin = "SW[2]", clock pin = "KEY[0]") is -0.101 ns
    Info: + Longest clock path from clock "KEY[0]" to destination register is 2.568 ns
        Info: 1: + IC(0.000 ns) + CELL(0.862 ns) = 0.862 ns; Loc. = PIN_G26; Fanout = 19; CLK Node = 'KEY[0]'
        Info: 2: + IC(1.169 ns) + CELL(0.537 ns) = 2.568 ns; Loc. = LCFF_X64_Y26_N5; Fanout = 2; REG Node = 'Block1:inst|Block3:REGISTERFILE|Register:inst25|inst2'
        Info: Total cell delay = 1.399 ns ( 54.48 % )
        Info: Total interconnect delay = 1.169 ns ( 45.52 % )
    Info: + Micro hold delay of destination is 0.266 ns
    Info: - Shortest pin to register delay is 2.935 ns
        Info: 1: + IC(0.000 ns) + CELL(0.999 ns) = 0.999 ns; Loc. = PIN_P25; Fanout = 1; PIN Node = 'SW[2]'
        Info: 2: + IC(1.433 ns) + CELL(0.419 ns) = 2.851 ns; Loc. = LCCOMB_X64_Y26_N4; Fanout = 4; COMB Node = 'Block1:inst|busmux:SELECTOR|lpm_mux:$00000|mux_omc:auto_generated|result_node[2]~9'
        Info: 3: + IC(0.000 ns) + CELL(0.084 ns) = 2.935 ns; Loc. = LCFF_X64_Y26_N5; Fanout = 2; REG Node = 'Block1:inst|Block3:REGISTERFILE|Register:inst25|inst2'
        Info: Total cell delay = 1.502 ns ( 51.18 % )
        Info: Total interconnect delay = 1.433 ns ( 48.82 % )
Info: Quartus II Classic Timing Analyzer was successful. 0 errors, 1 warning
    Info: Peak virtual memory: 206 megabytes
    Info: Processing ended: Wed Dec 19 14:02:14 2018
    Info: Elapsed time: 00:00:00
    Info: Total CPU time (on all processors): 00:00:00


